/home/vivric/workspace/gsm_sim_lab/gsm_sim_v_1_0_fifo/implementation/system.ngc 1400614423
/home/vivric/workspace/gsm_sim_lab/gsm_sim_v_1_0_fifo/implementation/system_push_buttons_4bits_wrapper.ngc 1400614316
/home/vivric/workspace/gsm_sim_lab/gsm_sim_v_1_0_fifo/implementation/system_dip_switches_8bits_wrapper.ngc 1400614338
/home/vivric/workspace/gsm_sim_lab/gsm_sim_v_1_0_fifo/implementation/system_sc_uart_0_wrapper.ngc 1400614370
/home/vivric/workspace/gsm_sim_lab/gsm_sim_v_1_0_fifo/implementation/system_rs232_uart_1_wrapper.ngc 1400614306
/home/vivric/workspace/gsm_sim_lab/gsm_sim_v_1_0_fifo/implementation/system_proc_sys_reset_0_wrapper.ngc 1400614140
/home/vivric/workspace/gsm_sim_lab/gsm_sim_v_1_0_fifo/implementation/system_clock_generator_0_wrapper.ngc 1400614395
/home/vivric/workspace/gsm_sim_lab/gsm_sim_v_1_0_fifo/implementation/system_microblaze_0_ilmb_wrapper.ngc 1400614378
/home/vivric/workspace/gsm_sim_lab/gsm_sim_v_1_0_fifo/implementation/system_microblaze_0_dlmb_wrapper.ngc 1400614383
/home/vivric/workspace/gsm_sim_lab/gsm_sim_v_1_0_fifo/implementation/system_fit_timer_0_wrapper.ngc 1400614347
/home/vivric/workspace/gsm_sim_lab/gsm_sim_v_1_0_fifo/implementation/system_axi4lite_0_wrapper.ngc 1400614401
/home/vivric/workspace/gsm_sim_lab/gsm_sim_v_1_0_fifo/implementation/system_axi_intc_0_wrapper.ngc 1400614359
/home/vivric/workspace/gsm_sim_lab/gsm_sim_v_1_0_fifo/implementation/system_microblaze_0_wrapper.ngc 1400614389
/home/vivric/workspace/gsm_sim_lab/gsm_sim_v_1_0_fifo/implementation/system_microblaze_0_i_bram_ctrl_wrapper.ngc 1400614159
/home/vivric/workspace/gsm_sim_lab/gsm_sim_v_1_0_fifo/implementation/system_microblaze_0_d_bram_ctrl_wrapper.ngc 1400614176
/home/vivric/workspace/gsm_sim_lab/gsm_sim_v_1_0_fifo/implementation/system_debug_module_wrapper.ngc 1400614265
/home/vivric/workspace/gsm_sim_lab/gsm_sim_v_1_0_fifo/implementation/system_leds_8bits_wrapper.ngc 1400614327
/home/vivric/workspace/gsm_sim_lab/gsm_sim_v_1_0_fifo/implementation/system_microblaze_0_bram_block_wrapper.ngc 1400614185
OK
