/home/ga38kud/vivin_gsm/gsm_sim/gsm_sim_v_1_0_fifo/implementation/system.ngc 1401125476
/home/ga38kud/vivin_gsm/gsm_sim/gsm_sim_v_1_0_fifo/implementation/system_push_buttons_4bits_wrapper.ngc 1401125452
/home/ga38kud/vivin_gsm/gsm_sim/gsm_sim_v_1_0_fifo/implementation/system_dip_switches_8bits_wrapper.ngc 1401125452
/home/ga38kud/vivin_gsm/gsm_sim/gsm_sim_v_1_0_fifo/implementation/system_sc_uart_0_wrapper.ngc 1401125453
/home/ga38kud/vivin_gsm/gsm_sim/gsm_sim_v_1_0_fifo/implementation/system_rs232_uart_1_wrapper.ngc 1401125452
/home/ga38kud/vivin_gsm/gsm_sim/gsm_sim_v_1_0_fifo/implementation/system_proc_sys_reset_0_wrapper.ngc 1401125452
/home/ga38kud/vivin_gsm/gsm_sim/gsm_sim_v_1_0_fifo/implementation/system_clock_generator_0_wrapper.ngc 1401125464
/home/ga38kud/vivin_gsm/gsm_sim/gsm_sim_v_1_0_fifo/implementation/system_microblaze_0_ilmb_wrapper.ngc 1401125452
/home/ga38kud/vivin_gsm/gsm_sim/gsm_sim_v_1_0_fifo/implementation/system_microblaze_0_dlmb_wrapper.ngc 1401125452
/home/ga38kud/vivin_gsm/gsm_sim/gsm_sim_v_1_0_fifo/implementation/system_fit_timer_0_wrapper.ngc 1401125452
/home/ga38kud/vivin_gsm/gsm_sim/gsm_sim_v_1_0_fifo/implementation/system_axi_intc_0_wrapper.ngc 1401125453
/home/ga38kud/vivin_gsm/gsm_sim/gsm_sim_v_1_0_fifo/implementation/system_axi4lite_0_wrapper.ngc 1401125452
/home/ga38kud/vivin_gsm/gsm_sim/gsm_sim_v_1_0_fifo/implementation/system_microblaze_0_wrapper.ngc 1401125452
/home/ga38kud/vivin_gsm/gsm_sim/gsm_sim_v_1_0_fifo/implementation/system_microblaze_0_i_bram_ctrl_wrapper.ngc 1401125452
/home/ga38kud/vivin_gsm/gsm_sim/gsm_sim_v_1_0_fifo/implementation/system_microblaze_0_d_bram_ctrl_wrapper.ngc 1401125452
/home/ga38kud/vivin_gsm/gsm_sim/gsm_sim_v_1_0_fifo/implementation/system_debug_module_wrapper.ngc 1401125452
/home/ga38kud/vivin_gsm/gsm_sim/gsm_sim_v_1_0_fifo/implementation/system_leds_8bits_wrapper.ngc 1401125452
/home/ga38kud/vivin_gsm/gsm_sim/gsm_sim_v_1_0_fifo/implementation/system_microblaze_0_bram_block_wrapper.ngc 1401125452
OK
