02:08:04 **** Incremental Build of configuration Debug for project fifo_v_1_1_a ****
make all 
make: Nothing to be done for `all'.
02:08:44 **** Auto Build of project standalone_bsp_0 ****
make -k all 
libgen -hw ../gsm_sim_v_1_0_fifo_hw_platform/system.xml\
	       \
	       -pe microblaze_0 \
	       -log libgen.log \
	       system.mss
libgen
Xilinx EDK 14.7 Build EDK_P.20131013
Copyright (c) 1995-2012 Xilinx, Inc.  All rights reserved.

Command Line: libgen -hw ../gsm_sim_v_1_0_fifo_hw_platform/system.xml -pe
microblaze_0 -log libgen.log system.mss 


Staging source files.
Running DRCs.
Running generate.
Running post_generate.
Running include - 'gmake -s include "COMPILER=mb-gcc" "ARCHIVER=mb-ar"
"COMPILER_FLAGS=-mlittle-endian -mno-xl-soft-mul -mxl-barrel-shift
-mxl-pattern-compare -mcpu=v8.50.c  -O2 -c" "EXTRA_COMPILER_FLAGS=-g
-ffunction-sections -fdata-sections"'.

Running libs - 'gmake -s libs "COMPILER=mb-gcc" "ARCHIVER=mb-ar"
"COMPILER_FLAGS=-mlittle-endian -mno-xl-soft-mul -mxl-barrel-shift
-mxl-pattern-compare -mcpu=v8.50.c  -O2 -c" "EXTRA_COMPILER_FLAGS=-g
-ffunction-sections -fdata-sections"'.
Compiling common
Compiling standalone
Compiling intc
Compiling uartlite
Compiling gpio
Compiling bram
Compiling cpu
Running execs_generate.
Finished building libraries
02:08:59 **** Auto Build of configuration Debug for project fifo_v_1_1_a ****
make all 
make: Nothing to be done for `all'.
02:09:15 **** Auto Build of project standalone_bsp_0 ****
make -k all 
Finished building libraries
02:09:19 **** Incremental Build of configuration Debug for project fifo_v_1_1_a ****
make all 
make: Nothing to be done for `all'.
02:10:24 **** Auto Build of configuration Debug for project fifo_v_1_1_a ****
make all 
Building file: ../src/helloworld.c
Invoking: MicroBlaze gcc compiler
mb-gcc -Wall -O0 -g3 -c -fmessage-length=0 -I../../standalone_bsp_0/microblaze_0/include -mlittle-endian -mxl-barrel-shift -mxl-pattern-compare -mcpu=v8.50.c -mno-xl-soft-mul -Wl,--no-relax -ffunction-sections -fdata-sections -MMD -MP -MF"src/helloworld.d" -MT"src/helloworld.d" -o "src/helloworld.o" "../src/helloworld.c"
../src/helloworld.c:40:21: fatal error: sc_uart.h: No such file or directory
compilation terminated.
make: *** [src/helloworld.o] Error 1
02:11:25 **** Auto Build of project standalone_bsp_0 ****
make -k all 
Finished building libraries
02:11:26 **** Auto Build of configuration Debug for project fifo_v_1_1_a ****
make all 
Building file: ../src/helloworld.c
Invoking: MicroBlaze gcc compiler
mb-gcc -Wall -O0 -g3 -c -fmessage-length=0 -I../../standalone_bsp_0/microblaze_0/include -mlittle-endian -mxl-barrel-shift -mxl-pattern-compare -mcpu=v8.50.c -mno-xl-soft-mul -Wl,--no-relax -ffunction-sections -fdata-sections -MMD -MP -MF"src/helloworld.d" -MT"src/helloworld.d" -o "src/helloworld.o" "../src/helloworld.c"
Finished building: ../src/helloworld.c
 
Building target: fifo_v_1_1_a.elf
Invoking: MicroBlaze gcc linker
mb-gcc -Wl,-T -Wl,../src/lscript.ld -L../../standalone_bsp_0/microblaze_0/lib -mlittle-endian -mxl-barrel-shift -mxl-pattern-compare -mcpu=v8.50.c -mno-xl-soft-mul -Wl,--no-relax -Wl,--gc-sections -o "fifo_v_1_1_a.elf"  ./src/helloworld.o ./src/platform.o   -Wl,--start-group,-lxil,-lgcc,-lc,--end-group
../src/helloworld.c: In function 'main':
../src/helloworld.c:82:2: warning: passing argument 4 of 'XIntc_RegisterHandler' makes pointer from integer without a cast [enabled by default]
../../standalone_bsp_0/microblaze_0/include/xintc_l.h:320:6: note: expected 'void *' but argument is of type 'int'
Finished building target: fifo_v_1_1_a.elf
 
Invoking: MicroBlaze Print Size
mb-size fifo_v_1_1_a.elf  |tee "fifo_v_1_1_a.elf.size"
   text	   data	    bss	    dec	    hex	filename
   2626	    308	   2090	   5024	   13a0	fifo_v_1_1_a.elf
Finished building: fifo_v_1_1_a.elf.size
 
Invoking: Xilinx ELF Check
elfcheck fifo_v_1_1_a.elf -hw ../../gsm_sim_v_1_0_fifo_hw_platform/system.xml -pe microblaze_0  |tee "fifo_v_1_1_a.elf.elfcheck"
elfcheck
Xilinx EDK 14.7 Build EDK_P.20131013
Copyright (c) 1995-2012 Xilinx, Inc.  All rights reserved.

Command Line: elfcheck -hw ../../gsm_sim_v_1_0_fifo_hw_platform/system.xml -pe
microblaze_0 fifo_v_1_1_a.elf 

ELF file	: fifo_v_1_1_a.elf
elfcheck passed.
Finished building: fifo_v_1_1_a.elf.elfcheck
 
02:11:44 **** Auto Build of project standalone_bsp_0 ****
make -k all 
Finished building libraries
02:15:28 **** Auto Build of project standalone_bsp_0 ****
make -k all 
Finished building libraries
02:15:34 **** Incremental Build of configuration Debug for project fifo_v_1_1_a ****
make all 
make: Nothing to be done for `all'.
02:16:11 **** Incremental Build of configuration Debug for project fifo_v_1_1_a ****
make all 
make: Nothing to be done for `all'.
02:17:12 **** Auto Build of configuration Debug for project fifo_v_1_1_a ****
make all 
Building file: ../src/helloworld.c
Invoking: MicroBlaze gcc compiler
mb-gcc -Wall -O0 -g3 -c -fmessage-length=0 -I../../standalone_bsp_0/microblaze_0/include -mlittle-endian -mxl-barrel-shift -mxl-pattern-compare -mcpu=v8.50.c -mno-xl-soft-mul -Wl,--no-relax -ffunction-sections -fdata-sections -MMD -MP -MF"src/helloworld.d" -MT"src/helloworld.d" -o "src/helloworld.o" "../src/helloworld.c"
../src/helloworld.c: In function 'main':
../src/helloworld.c:84:2: warning: passing argument 4 of 'XIntc_RegisterHandler' makes pointer from integer without a cast [enabled by default]
../../standalone_bsp_0/microblaze_0/include/xintc_l.h:320:6: note: expected 'void *' but argument is of type 'int'
Finished building: ../src/helloworld.c
 
Building target: fifo_v_1_1_a.elf
Invoking: MicroBlaze gcc linker
mb-gcc -Wl,-T -Wl,../src/lscript.ld -L../../standalone_bsp_0/microblaze_0/lib -mlittle-endian -mxl-barrel-shift -mxl-pattern-compare -mcpu=v8.50.c -mno-xl-soft-mul -Wl,--no-relax -Wl,--gc-sections -o "fifo_v_1_1_a.elf"  ./src/helloworld.o ./src/platform.o   -Wl,--start-group,-lxil,-lgcc,-lc,--end-group
Finished building target: fifo_v_1_1_a.elf
 
Invoking: MicroBlaze Print Size
mb-size fifo_v_1_1_a.elf  |tee "fifo_v_1_1_a.elf.size"
   text	   data	    bss	    dec	    hex	filename
   2670	    308	   2084	   5062	   13c6	fifo_v_1_1_a.elf
Finished building: fifo_v_1_1_a.elf.size
 
Invoking: Xilinx ELF Check
elfcheck fifo_v_1_1_a.elf -hw ../../gsm_sim_v_1_0_fifo_hw_platform/system.xml -pe microblaze_0  |tee "fifo_v_1_1_a.elf.elfcheck"
elfcheck
Xilinx EDK 14.7 Build EDK_P.20131013
Copyright (c) 1995-2012 Xilinx, Inc.  All rights reserved.

Command Line: elfcheck -hw ../../gsm_sim_v_1_0_fifo_hw_platform/system.xml -pe
microblaze_0 fifo_v_1_1_a.elf 

ELF file	: fifo_v_1_1_a.elf
elfcheck passed.
Finished building: fifo_v_1_1_a.elf.elfcheck
 
02:18:30 **** Incremental Build of configuration Debug for project fifo_v_1_1_a ****
make all 
make: Nothing to be done for `all'.
02:18:41 **** Incremental Build of configuration Debug for project fifo_v_1_1_a ****
make all 
make: Nothing to be done for `all'.
02:21:12 **** Incremental Build of configuration Debug for project fifo_v_1_1_a ****
make all 
make: Nothing to be done for `all'.
02:21:19 **** Incremental Build of configuration Debug for project fifo_v_1_1_a ****
make all 
make: Nothing to be done for `all'.
02:22:57 **** Auto Build of project standalone_bsp_0 ****
make -k all 
Finished building libraries
02:23:00 **** Incremental Build of configuration Debug for project fifo_v_1_1_a ****
make all 
make: Nothing to be done for `all'.
02:23:23 **** Incremental Build of configuration Debug for project fifo_v_1_1_a ****
make all 
make: Nothing to be done for `all'.
