21:32:00 **** Incremental Build of configuration Release for project sc_uart_v_2_0 ****
make all 
Building file: ../src/helloworld.c
Invoking: MicroBlaze gcc compiler
mb-gcc -Wall -O2 -c -fmessage-length=0 -I../../sc_uart_v_2_0_bsp/microblaze_0/include -mlittle-endian -mxl-barrel-shift -mxl-pattern-compare -mcpu=v8.50.c -mno-xl-soft-mul -Wl,--no-relax -ffunction-sections -fdata-sections -MMD -MP -MF"src/helloworld.d" -MT"src/helloworld.d" -o "src/helloworld.o" "../src/helloworld.c"
Finished building: ../src/helloworld.c
 
Building file: ../src/platform.c
Invoking: MicroBlaze gcc compiler
mb-gcc -Wall -O2 -c -fmessage-length=0 -I../../sc_uart_v_2_0_bsp/microblaze_0/include -mlittle-endian -mxl-barrel-shift -mxl-pattern-compare -mcpu=v8.50.c -mno-xl-soft-mul -Wl,--no-relax -ffunction-sections -fdata-sections -MMD -MP -MF"src/platform.d" -MT"src/platform.d" -o "src/platform.o" "../src/platform.c"
Finished building: ../src/platform.c
 
Building target: sc_uart_v_2_0.elf
Invoking: MicroBlaze gcc linker
mb-gcc -Wl,-T -Wl,../src/lscript.ld -L../../sc_uart_v_2_0_bsp/microblaze_0/lib -mlittle-endian -mxl-barrel-shift -mxl-pattern-compare -mcpu=v8.50.c -mno-xl-soft-mul -Wl,--no-relax -Wl,--gc-sections -o "sc_uart_v_2_0.elf"  ./src/helloworld.o ./src/platform.o   -Wl,--start-group,-lxil,-lgcc,-lc,--end-group
Finished building target: sc_uart_v_2_0.elf
 
Invoking: MicroBlaze Print Size
mb-size sc_uart_v_2_0.elf  |tee "sc_uart_v_2_0.elf.size"
   text	   data	    bss	    dec	    hex	filename
   3646	    356	   2100	   6102	   17d6	sc_uart_v_2_0.elf
Finished building: sc_uart_v_2_0.elf.size
 
Invoking: Xilinx ELF Check
elfcheck sc_uart_v_2_0.elf -hw ../../gsm_integration_v_1_0_hw_platform/system.xml -pe microblaze_0  |tee "sc_uart_v_2_0.elf.elfcheck"
elfcheck
Xilinx EDK 14.7 Build EDK_P.20131013
Copyright (c) 1995-2012 Xilinx, Inc.  All rights reserved.

Command Line: elfcheck -hw ../../gsm_integration_v_1_0_hw_platform/system.xml
-pe microblaze_0 sc_uart_v_2_0.elf 

ELF file	: sc_uart_v_2_0.elf
elfcheck passed.
Finished building: sc_uart_v_2_0.elf.elfcheck
 

21:32:01 Build Finished (took 1s.213ms)

