23:21:05 **** Incremental Build of configuration Debug for project fifo_v_1_2 ****
make all 
make: Nothing to be done for `all'.
23:46:41 **** Auto Build of project fifo_v_1_2_bsp ****
make -k all 
libgen -hw ../gsm_sim_v_1_0_fifo_hw_platform/system.xml\
	       \
	       -pe microblaze_0 \
	       -log libgen.log \
	       system.mss
libgen
Xilinx EDK 14.7 Build EDK_P.20131013
Copyright (c) 1995-2012 Xilinx, Inc.  All rights reserved.

Command Line: libgen -hw ../gsm_sim_v_1_0_fifo_hw_platform/system.xml -pe
microblaze_0 -log libgen.log system.mss 


Staging source files.
Running DRCs.
Running generate.
Running post_generate.
Running include - 'gmake -s include "COMPILER=mb-gcc" "ARCHIVER=mb-ar"
"COMPILER_FLAGS=-mlittle-endian -mno-xl-soft-mul -mxl-barrel-shift
-mxl-pattern-compare -mcpu=v8.50.c  -O2 -c" "EXTRA_COMPILER_FLAGS=-g
-ffunction-sections -fdata-sections"'.

Running libs - 'gmake -s libs "COMPILER=mb-gcc" "ARCHIVER=mb-ar"
"COMPILER_FLAGS=-mlittle-endian -mno-xl-soft-mul -mxl-barrel-shift
-mxl-pattern-compare -mcpu=v8.50.c  -O2 -c" "EXTRA_COMPILER_FLAGS=-g
-ffunction-sections -fdata-sections"'.
Compiling common
Compiling standalone
Compiling intc
Compiling uartlite
Compiling gpio
Compiling bram
Compiling cpu
Running execs_generate.
Finished building libraries
23:46:54 **** Auto Build of configuration Debug for project fifo_v_1_2 ****
make all 
make: Nothing to be done for `all'.
23:47:17 **** Incremental Build of configuration Debug for project fifo_v_1_2 ****
make all 
make: Nothing to be done for `all'.
23:47:34 **** Auto Build of project fifo_v_1_2_bsp ****
make -k all 
libgen -hw ../gsm_sim_v_1_0_fifo_hw_platform/system.xml\
	       \
	       -pe microblaze_0 \
	       -log libgen.log \
	       system.mss
libgen
Xilinx EDK 14.7 Build EDK_P.20131013
Copyright (c) 1995-2012 Xilinx, Inc.  All rights reserved.

Command Line: libgen -hw ../gsm_sim_v_1_0_fifo_hw_platform/system.xml -pe
microblaze_0 -log libgen.log system.mss 


Staging source files.
Running DRCs.
Running generate.
Running post_generate.
Running include - 'gmake -s include "COMPILER=mb-gcc" "ARCHIVER=mb-ar"
"COMPILER_FLAGS=-mlittle-endian -mno-xl-soft-mul -mxl-barrel-shift
-mxl-pattern-compare -mcpu=v8.50.c  -O2 -c" "EXTRA_COMPILER_FLAGS=-g
-ffunction-sections -fdata-sections"'.

Running libs - 'gmake -s libs "COMPILER=mb-gcc" "ARCHIVER=mb-ar"
"COMPILER_FLAGS=-mlittle-endian -mno-xl-soft-mul -mxl-barrel-shift
-mxl-pattern-compare -mcpu=v8.50.c  -O2 -c" "EXTRA_COMPILER_FLAGS=-g
-ffunction-sections -fdata-sections"'.
Compiling common
Compiling standalone
Compiling intc
Compiling uartlite
Compiling gpio
Compiling bram
Compiling cpu
Running execs_generate.
Finished building libraries
23:47:45 **** Auto Build of configuration Debug for project fifo_v_1_2 ****
make all 
make: Nothing to be done for `all'.
23:48:08 **** Incremental Build of configuration Debug for project fifo_v_1_2 ****
make all 
make: Nothing to be done for `all'.
23:49:47 **** Auto Build of configuration Debug for project fifo_v_1_2 ****
make all 
Building file: ../src/helloworld.c
Invoking: MicroBlaze gcc compiler
mb-gcc -Wall -O0 -g3 -c -fmessage-length=0 -I../../fifo_v_1_2_bsp/microblaze_0/include -mlittle-endian -mxl-barrel-shift -mxl-pattern-compare -mcpu=v8.50.c -mno-xl-soft-mul -Wl,--no-relax -ffunction-sections -fdata-sections -MMD -MP -MF"src/helloworld.d" -MT"src/helloworld.d" -o "src/helloworld.o" "../src/helloworld.c"
../src/helloworld.c:40:40: fatal error: sc_uart_interface_modified.h: No such file or directory
compilation terminated.
make: *** [src/helloworld.o] Error 1
23:49:56 **** Auto Build of configuration Debug for project fifo_v_1_2 ****
make all 
Building file: ../src/helloworld.c
Invoking: MicroBlaze gcc compiler
mb-gcc -Wall -O0 -g3 -c -fmessage-length=0 -I../../fifo_v_1_2_bsp/microblaze_0/include -mlittle-endian -mxl-barrel-shift -mxl-pattern-compare -mcpu=v8.50.c -mno-xl-soft-mul -Wl,--no-relax -ffunction-sections -fdata-sections -MMD -MP -MF"src/helloworld.d" -MT"src/helloworld.d" -o "src/helloworld.o" "../src/helloworld.c"
../src/helloworld.c:40:40: fatal error: sc_uart_interface_modified.h: No such file or directory
compilation terminated.
make: *** [src/helloworld.o] Error 1
23:50:52 **** Auto Build of configuration Debug for project fifo_v_1_2 ****
make all 
Building file: ../src/helloworld.c
Invoking: MicroBlaze gcc compiler
mb-gcc -Wall -O0 -g3 -c -fmessage-length=0 -I../../fifo_v_1_2_bsp/microblaze_0/include -mlittle-endian -mxl-barrel-shift -mxl-pattern-compare -mcpu=v8.50.c -mno-xl-soft-mul -Wl,--no-relax -ffunction-sections -fdata-sections -MMD -MP -MF"src/helloworld.d" -MT"src/helloworld.d" -o "src/helloworld.o" "../src/helloworld.c"
../src/helloworld.c:40:40: fatal error: sc_uart_interface_modified.h: No such file or directory
compilation terminated.
make: *** [src/helloworld.o] Error 1
23:51:27 **** Auto Build of configuration Debug for project fifo_v_1_2 ****
make all 
Building file: ../src/helloworld.c
Invoking: MicroBlaze gcc compiler
mb-gcc -Wall -O0 -g3 -c -fmessage-length=0 -I../../fifo_v_1_2_bsp/microblaze_0/include -mlittle-endian -mxl-barrel-shift -mxl-pattern-compare -mcpu=v8.50.c -mno-xl-soft-mul -Wl,--no-relax -ffunction-sections -fdata-sections -MMD -MP -MF"src/helloworld.d" -MT"src/helloworld.d" -o "src/helloworld.o" "../src/helloworld.c"
Finished building: ../src/helloworld.c
 
Building target: fifo_v_1_2.elf
Invoking: MicroBlaze gcc linker
mb-gcc -Wl,-T -Wl,../src/lscript.ld -L../../fifo_v_1_2_bsp/microblaze_0/lib -mlittle-endian -mxl-barrel-shift -mxl-pattern-compare -mcpu=v8.50.c -mno-xl-soft-mul -Wl,--no-relax -Wl,--gc-sections -o "fifo_v_1_2.elf"  ./src/helloworld.o ./src/platform.o   -Wl,--start-group,-lxil,-lgcc,-lc,--end-group
Finished building target: fifo_v_1_2.elf
 
Invoking: MicroBlaze Print Size
mb-size fifo_v_1_2.elf  |tee "fifo_v_1_2.elf.size"
   text	   data	    bss	    dec	    hex	filename
   4178	    396	   2106	   6680	   1a18	fifo_v_1_2.elf
Finished building: fifo_v_1_2.elf.size
 
Invoking: Xilinx ELF Check
elfcheck fifo_v_1_2.elf -hw ../../gsm_sim_v_1_0_fifo_hw_platform/system.xml -pe microblaze_0  |tee "fifo_v_1_2.elf.elfcheck"
elfcheck
Xilinx EDK 14.7 Build EDK_P.20131013
Copyright (c) 1995-2012 Xilinx, Inc.  All rights reserved.

Command Line: elfcheck -hw ../../gsm_sim_v_1_0_fifo_hw_platform/system.xml -pe
microblaze_0 fifo_v_1_2.elf 

ELF file	: fifo_v_1_2.elf
elfcheck passed.
Finished building: fifo_v_1_2.elf.elfcheck
 
23:51:32 **** Incremental Build of configuration Debug for project fifo_v_1_2 ****
make all 
make: Nothing to be done for `all'.
23:52:30 **** Auto Build of configuration Debug for project fifo_v_1_2 ****
make all 
Building file: ../src/helloworld.c
Invoking: MicroBlaze gcc compiler
mb-gcc -Wall -O0 -g3 -c -fmessage-length=0 -I../../fifo_v_1_2_bsp/microblaze_0/include -mlittle-endian -mxl-barrel-shift -mxl-pattern-compare -mcpu=v8.50.c -mno-xl-soft-mul -Wl,--no-relax -ffunction-sections -fdata-sections -MMD -MP -MF"src/helloworld.d" -MT"src/helloworld.d" -o "src/helloworld.o" "../src/helloworld.c"
Finished building: ../src/helloworld.c
 
Building target: fifo_v_1_2.elf
Invoking: MicroBlaze gcc linker
mb-gcc -Wl,-T -Wl,../src/lscript.ld -L../../fifo_v_1_2_bsp/microblaze_0/lib -mlittle-endian -mxl-barrel-shift -mxl-pattern-compare -mcpu=v8.50.c -mno-xl-soft-mul -Wl,--no-relax -Wl,--gc-sections -o "fifo_v_1_2.elf"  ./src/helloworld.o ./src/platform.o   -Wl,--start-group,-lxil,-lgcc,-lc,--end-group
Finished building target: fifo_v_1_2.elf
 
Invoking: MicroBlaze Print Size
mb-size fifo_v_1_2.elf  |tee "fifo_v_1_2.elf.size"
   text	   data	    bss	    dec	    hex	filename
   4170	    396	   2106	   6672	   1a10	fifo_v_1_2.elf
Finished building: fifo_v_1_2.elf.size
 
Invoking: Xilinx ELF Check
elfcheck fifo_v_1_2.elf -hw ../../gsm_sim_v_1_0_fifo_hw_platform/system.xml -pe microblaze_0  |tee "fifo_v_1_2.elf.elfcheck"
elfcheck
Xilinx EDK 14.7 Build EDK_P.20131013
Copyright (c) 1995-2012 Xilinx, Inc.  All rights reserved.

Command Line: elfcheck -hw ../../gsm_sim_v_1_0_fifo_hw_platform/system.xml -pe
microblaze_0 fifo_v_1_2.elf 

ELF file	: fifo_v_1_2.elf
elfcheck passed.
Finished building: fifo_v_1_2.elf.elfcheck
 
23:52:48 **** Auto Build of project fifo_v_1_2_bsp ****
make -k all 
Finished building libraries
23:53:24 **** Incremental Build of configuration Debug for project fifo_v_1_2 ****
make all 
make: Nothing to be done for `all'.
